---
source: crates/getdev-cli/tests/check_golden.rs
expression: stdout
---
┌─ getdev check ───────────────────────────────┐
│  Ship Score: 45/100                          │
│  2 critical · 0 high · 1 medium · 1 low      │
└──────────────────────────────────────────────┘
package.json — 1 finding · 1 critical
         — ✖ critical Package 'requests-auth-helper' does not exist on npm  real/nonexistent-package
           → remove the dependency or replace it with a real package providing the needed functionality

payments.js — 3 findings · 1 critical · 1 medium · 1 low
      1:19 ✖ critical stripe secret assigned to 'stripeKey' (sk_live_…OP01)  env/hardcoded-secret
           → extract to STRIPE_SECRET_KEY in .env
       2:1 ● medium   Debug statement left in code  review/debug-leftover
           → Remove the debug statement before merging.
         — ○ low      Introduced file 'payments.js' is not imported by any project file (confidence: medium)  review/orphan-file
           → import/use the file, delete it if it is dead, or ignore if it is an entry point

top 3 things to fix first:
  1. real/nonexistent-package package.json — Package 'requests-auth-helper' does not exist on npm
  2. env/hardcoded-secret payments.js:1 — stripe secret assigned to 'stripeKey' (sk_live_…OP01)
  3. review/debug-leftover payments.js:2 — Debug statement left in code
1 finding(s) fixable — run: getdev env --write
